#-----------------------------------------------------------
# Vivado v2024.2 (64-bit)
# SW Build 5239630 on Fri Nov 08 22:35:27 MST 2024
# IP Build 5239520 on Sun Nov 10 16:12:51 MST 2024
# SharedData Build 5239561 on Fri Nov 08 14:39:27 MST 2024
# Start of session at: Sun Dec  8 08:06:09 2024
# Process ID         : 21924
# Current directory  : C:/Users/tikpo/OneDrive/Documents/github/CPE222-Final-Project/final/final.runs/impl_1
# Command line       : vivado.exe -log security_clock_system.vdi -applog -product Vivado -messageDb vivado.pb -mode batch -source security_clock_system.tcl -notrace
# Log file           : C:/Users/tikpo/OneDrive/Documents/github/CPE222-Final-Project/final/final.runs/impl_1/security_clock_system.vdi
# Journal file       : C:/Users/tikpo/OneDrive/Documents/github/CPE222-Final-Project/final/final.runs/impl_1\vivado.jou
# Running On         : DESKTOP-RDVATL1
# Platform           : Windows Server 2016 or Windows 10
# Operating System   : 22631
# Processor Detail   : AMD Ryzen 7 2700 Eight-Core Processor          
# CPU Frequency      : 3194 MHz
# CPU Physical cores : 8
# CPU Logical cores  : 16
# Host memory        : 17099 MB
# Swap memory        : 23622 MB
# Total Virtual      : 40721 MB
# Available Virtual  : 17822 MB
#-----------------------------------------------------------
source security_clock_system.tcl -notrace
